python: can't open file '/Users/outlabs/Documents/GitHub/outlabsAuth/test_complex_scenarios.py': [Errno 2] No such file or directory
